// Jest Snapshot v1, https://goo.gl/fbAQLP

exports[`Footer snapshot should match the last saved snapshot 1`] = `
<div>
  <div
    className="nav nav-bottom"
  >
    <div
      className="nav-icon $
          this.props.isBottom ? \\"nav-icon-bottom\\" : \\"nav-icon-top\\"
        }"
    >
      <svg
        fill="currentColor"
        height="1em"
        onClick={[Function]}
        stroke="currentColor"
        strokeWidth="0"
        style={
          Object {
            "color": "var(--c-1)",
            "height": "3rem",
            "width": "3rem",
          }
        }
        viewBox="0 0 8 16"
        width="1em"
        xmlns="http://www.w3.org/2000/svg"
      >
        <path
          d="M8 4v1H0V4h8zM0 8h8V7H0v1zm0 3h8v-1H0v1z"
          fillRule="evenodd"
        />
      </svg>
    </div>
  </div>
  <a
    className="footer-container"
    href="/about"
  >
    <span>
      copyright Alex Vincent-Hill 2020 - üè† about
    </span>
  </a>
</div>
`;
