// Jest Snapshot v1, https://goo.gl/fbAQLP

exports[`Header snapshot matches the last saved snapshot 1`] = `
<div>
  <div
    className="nav nav-top"
  >
    <div
      className="nav-icon $
          this.props.isBottom ? \\"nav-icon-bottom\\" : \\"nav-icon-top\\"
        }"
    >
      <svg
        fill="currentColor"
        height="1em"
        onClick={[Function]}
        stroke="currentColor"
        strokeWidth="0"
        style={
          Object {
            "color": "var(--c-1)",
            "height": "3rem",
            "width": "3rem",
          }
        }
        viewBox="0 0 8 16"
        width="1em"
        xmlns="http://www.w3.org/2000/svg"
      >
        <path
          d="M8 4v1H0V4h8zM0 8h8V7H0v1zm0 3h8v-1H0v1z"
          fillRule="evenodd"
        />
      </svg>
    </div>
  </div>
  <a
    className="header-container"
    href="/about"
  >
    <div
      className="header-switch-theme"
    >
      <div
        className="toggle-switch"
      >
        <input
          className="toggle-switch-checkbox"
          defaultChecked={true}
          id="toggle-switch-theme"
          onChange={[Function]}
          type="checkbox"
        />
        <label
          className="toggle-switch-label"
          htmlFor="toggle-switch-theme"
        >
          <span
            className="toggle-switch-inner"
            data-no="üåô"
            data-yes="‚òÄÔ∏è"
          />
        </label>
      </div>
    </div>
    üè† about
  </a>
</div>
`;
