// Jest Snapshot v1, https://goo.gl/fbAQLP

exports[`Nav snapshot matches the last saved snapshot 1`] = `
<div
  className="nav nav-top"
>
  <div
    className="nav-icon $
          this.props.isBottom ? \\"nav-icon-bottom\\" : \\"nav-icon-top\\"
        }"
  >
    <svg
      fill="currentColor"
      height="1em"
      onClick={[Function]}
      stroke="currentColor"
      strokeWidth="0"
      style={
        Object {
          "color": "var(--c-1)",
          "height": "3rem",
          "width": "3rem",
        }
      }
      viewBox="0 0 8 16"
      width="1em"
      xmlns="http://www.w3.org/2000/svg"
    >
      <path
        d="M8 4v1H0V4h8zM0 8h8V7H0v1zm0 3h8v-1H0v1z"
        fillRule="evenodd"
      />
    </svg>
  </div>
</div>
`;

exports[`NavList snapshot matches the last saved snapshot 1`] = `
<div
  className="nav-list"
>
  <div>
    <h2
      className="link"
    >
      <a
        className="link-a"
        href="/about"
      >
        <span>
          🏠 about
        </span>
      </a>
    </h2>
  </div>
  <div>
    <h2
      className="link"
    >
      <a
        className="link-a"
        href="/blog"
      >
        <span>
          ✍️ blog
        </span>
      </a>
    </h2>
  </div>
  <div>
    <h2
      className="link"
    >
      <a
        className="link-a"
        href="/projects"
      >
        <span>
          📦 projects
        </span>
      </a>
    </h2>
  </div>
  <div>
    <h2
      className="link"
    >
      <a
        className="link-a"
        href="/resume"
      >
        <span>
          📄 resume
        </span>
      </a>
    </h2>
  </div>
  <div>
    <h2
      className="link"
    >
      <a
        className="link-a"
        href="/contact"
      >
        <span>
          📇 contact
        </span>
      </a>
    </h2>
  </div>
</div>
`;
