// Jest Snapshot v1, https://goo.gl/fbAQLP

exports[`YouTube snapshot should match the last saved snapshot 1`] = `
<div>
  <div>
    <div>
      <div
        className="nav nav-top"
      >
        <div
          className="nav-icon $
          this.props.isBottom ? \\"nav-icon-bottom\\" : \\"nav-icon-top\\"
        }"
        >
          <svg
            fill="currentColor"
            height="1em"
            onClick={[Function]}
            stroke="currentColor"
            strokeWidth="0"
            style={
              Object {
                "color": "var(--c-1)",
                "height": "3rem",
                "width": "3rem",
              }
            }
            viewBox="0 0 8 16"
            width="1em"
            xmlns="http://www.w3.org/2000/svg"
          >
            <path
              d="M8 4v1H0V4h8zM0 8h8V7H0v1zm0 3h8v-1H0v1z"
              fillRule="evenodd"
            />
          </svg>
        </div>
      </div>
      <a
        className="header-container"
        href="/about"
      >
        <div
          className="header-switch-theme"
        >
          <div
            className="toggle-switch"
          >
            <input
              className="toggle-switch-checkbox"
              defaultChecked={true}
              id="toggle-switch-theme"
              onChange={[Function]}
              type="checkbox"
            />
            <label
              className="toggle-switch-label"
              htmlFor="toggle-switch-theme"
            >
              <span
                className="toggle-switch-inner"
                data-no="üåô"
                data-yes="‚òÄÔ∏è"
              />
            </label>
          </div>
        </div>
        üè† about
      </a>
    </div>
    <div
      className="page-container"
    >
      <div>
        <h1>
          recent videos by select channels
        </h1>
        <br />
        <label
          className="dropdown-label"
        >
          choose a content category:
        </label>
        <select
          id="type"
          name="type"
          onChange={[Function]}
          value="Mock (testing)"
        >
          <option
            value="Art and Music"
          >
            Art and Music (3)
          </option>
          <option
            value="Business and Law"
          >
            Business and Law (3)
          </option>
          <option
            value="Chess"
          >
            Chess (8)
          </option>
          <option
            value="Commentary"
          >
            Commentary (6)
          </option>
          <option
            value="Computer Simulations and Game Development"
          >
            Computer Simulations and Game Development (7)
          </option>
          <option
            value="Cooking"
          >
            Cooking (6)
          </option>
          <option
            value="Film"
          >
            Film (11)
          </option>
          <option
            value="Gaming"
          >
            Gaming (2)
          </option>
          <option
            value="Hacking and Cybersecurity"
          >
            Hacking and Cybersecurity (6)
          </option>
          <option
            value="Infotainment"
          >
            Infotainment (7)
          </option>
          <option
            value="Mathematics"
          >
            Mathematics (7)
          </option>
          <option
            value="Mock (testing)"
          >
            Mock (testing) (1)
          </option>
          <option
            value="Programming and Computer Science"
          >
            Programming and Computer Science (12)
          </option>
          <option
            value="Science and Engineering"
          >
            Science and Engineering (18)
          </option>
          <option
            value="True Crime"
          >
            True Crime (2)
          </option>
        </select>
      </div>
      <br />
      <div
        className="video-list"
      >
        <a
          className="video button-hover-light"
          href="http://www.youtube.com/watch?v=FrG4TEcSuRg"
          target="_blank"
        >
          <img
            alt="video thumbnail img"
            className="video-img"
            src="https://i.ytimg.com/vi/FrG4TEcSuRg/hqdefault.jpg"
          />
          <div
            className="video-metadata"
          >
            <h3
              className="video-metadata-title"
            >
              PSY - DADDY(feat. CL of 2NE1) M/V
            </h3>
            <div
              className="video-metadata-description"
            >
              #PSY #DADDY #ÎÇòÌåîÎ∞îÏßÄ #NapalBaji #7thALBUM #7ÏßëÏã∏Ïù¥Îã§ More about PSY@ http://www.youtube.com/officialpsy http://www.facebook.com/officialpsy ...
            </div>
            <div
              className="video-metadata-channel-and-date"
            >
              <i>
                Mon Nov 30 2015 - officialpsy
              </i>
            </div>
          </div>
        </a>
        <a
          className="video button-hover-light"
          href="http://www.youtube.com/watch?v=HkMNOlYcpHg"
          target="_blank"
        >
          <img
            alt="video thumbnail img"
            className="video-img"
            src="https://i.ytimg.com/vi/HkMNOlYcpHg/hqdefault.jpg"
          />
          <div
            className="video-metadata"
          >
            <h3
              className="video-metadata-title"
            >
              PSY - HANGOVER (feat. Snoop Dogg) M/V
            </h3>
            <div
              className="video-metadata-description"
            >
              #PSY #HANGOVER More about PSY@ http://www.psypark.com/ http://www.youtube.com/officialpsy http://www.facebook.com/officialpsy ...
            </div>
            <div
              className="video-metadata-channel-and-date"
            >
              <i>
                Sun Jun 08 2014 - officialpsy
              </i>
            </div>
          </div>
        </a>
        <a
          className="video button-hover-light"
          href="http://www.youtube.com/watch?v=ASO_zypdnsQ"
          target="_blank"
        >
          <img
            alt="video thumbnail img"
            className="video-img"
            src="https://i.ytimg.com/vi/ASO_zypdnsQ/hqdefault.jpg"
          />
          <div
            className="video-metadata"
          >
            <h3
              className="video-metadata-title"
            >
              PSY - GENTLEMAN M/V
            </h3>
            <div
              className="video-metadata-description"
            >
              #PSY #Ïã∏Ïù¥ #GENTLEMAN #Ï††ÌãÄÎß® More about PSY@ http://www.youtube.com/officialpsy http://www.facebook.com/officialpsy http://twitter.com/psy_oppa ...
            </div>
            <div
              className="video-metadata-channel-and-date"
            >
              <i>
                Sat Apr 13 2013 - officialpsy
              </i>
            </div>
          </div>
        </a>
        <a
          className="video button-hover-light"
          href="http://www.youtube.com/watch?v=wcLNteez3c4"
          target="_blank"
        >
          <img
            alt="video thumbnail img"
            className="video-img"
            src="https://i.ytimg.com/vi/wcLNteez3c4/hqdefault.jpg"
          />
          <div
            className="video-metadata"
          >
            <h3
              className="video-metadata-title"
            >
              PSY (ft. HYUNA) - Ïò§Îπ§ Îî± ÎÇ¥ Ïä§ÌÉÄÏùº M/V
            </h3>
            <div
              className="video-metadata-description"
            >
              Psy's 2nd Version of "GANGNAM STYLE" by Hyuna Released! Gangnam Style - Hyuna Ver. was discussed during the making of the music video for "Gangnam ...
            </div>
            <div
              className="video-metadata-channel-and-date"
            >
              <i>
                Tue Aug 14 2012 - officialpsy
              </i>
            </div>
          </div>
        </a>
        <a
          className="video button-hover-light"
          href="http://www.youtube.com/watch?v=9bZkp7q19f0"
          target="_blank"
        >
          <img
            alt="video thumbnail img"
            className="video-img"
            src="https://i.ytimg.com/vi/9bZkp7q19f0/hqdefault.jpg"
          />
          <div
            className="video-metadata"
          >
            <h3
              className="video-metadata-title"
            >
              PSY - GANGNAM STYLE(Í∞ïÎÇ®Ïä§ÌÉÄÏùº) M/V
            </h3>
            <div
              className="video-metadata-description"
            >
              #PSY #Ïã∏Ïù¥ #GANGNAMSTYLE #Í∞ïÎÇ®Ïä§ÌÉÄÏùº More about PSY@ http://www.youtube.com/officialpsy http://www.facebook.com/officialpsy ...
            </div>
            <div
              className="video-metadata-channel-and-date"
            >
              <i>
                Sun Jul 15 2012 - officialpsy
              </i>
            </div>
          </div>
        </a>
      </div>
      <ul
        className="channels-list"
      >
        <label>
          featured channels:
        </label>
        <li
          className="channels-list-item"
        >
          <a
            className="channels-list-item-link"
            href="https://www.youtube.com/channel/UCrDkAvwZum-UTjHmzDI2iIw/videos?view=0&sort=p/"
            target="_blank"
          >
            officialpsy
          </a>
        </li>
      </ul>
      <br />
      <div
        className="nav-list"
      >
        <div>
          <h2
            className="link"
          >
            <a
              className="link-a"
              href="/about"
            >
              <span>
                üè† about
              </span>
            </a>
          </h2>
        </div>
        <div>
          <h2
            className="link"
          >
            <a
              className="link-a"
              href="/blog"
            >
              <span>
                ‚úçÔ∏è blog
              </span>
            </a>
          </h2>
        </div>
        <div>
          <h2
            className="link"
          >
            <a
              className="link-a"
              href="/projects"
            >
              <span>
                üì¶ projects
              </span>
            </a>
          </h2>
        </div>
        <div>
          <h2
            className="link"
          >
            <a
              className="link-a"
              href="/resume"
            >
              <span>
                üìÑ resume
              </span>
            </a>
          </h2>
        </div>
        <div>
          <h2
            className="link"
          >
            <a
              className="link-a"
              href="/contact"
            >
              <span>
                üìá contact
              </span>
            </a>
          </h2>
        </div>
      </div>
      <hr />
    </div>
    <div>
      <div
        className="nav nav-bottom"
      >
        <div
          className="nav-icon $
          this.props.isBottom ? \\"nav-icon-bottom\\" : \\"nav-icon-top\\"
        }"
        >
          <svg
            fill="currentColor"
            height="1em"
            onClick={[Function]}
            stroke="currentColor"
            strokeWidth="0"
            style={
              Object {
                "color": "var(--c-1)",
                "height": "3rem",
                "width": "3rem",
              }
            }
            viewBox="0 0 8 16"
            width="1em"
            xmlns="http://www.w3.org/2000/svg"
          >
            <path
              d="M8 4v1H0V4h8zM0 8h8V7H0v1zm0 3h8v-1H0v1z"
              fillRule="evenodd"
            />
          </svg>
        </div>
      </div>
      <a
        className="footer-container"
        href="/about"
      >
        <span>
          üè† about
        </span>
      </a>
    </div>
  </div>
</div>
`;
