// Jest Snapshot v1, https://goo.gl/fbAQLP

exports[`Link snapshot matches the last saved snapshot 1`] = `
<div>
  <h2
    className="link"
  >
    <a
      className="link-a"
    >
      <span />
    </a>
  </h2>
</div>
`;
