// Jest Snapshot v1, https://goo.gl/fbAQLP

exports[`ProjectList snapshot matches the last saved snapshot 1`] = `
<div>
  <h2
    className="projectlist-title"
  />
  <div
    className="projects-container"
  />
</div>
`;

exports[`ProjectList snapshot should match the last saved snapshot 1`] = `
<div>
  <h2
    className="projectlist-title"
  />
  <div
    className="projects-container"
  />
</div>
`;
